[geoula-kids.fr/index.html]
[backblue.gif]
[fade.gif]
[index.html]
[geoula-kids.fr/wp-content/plugins/header-footer-elementor/inc/widgets-css/frontend605a.css]
[geoula-kids.fr/wp-content/plugins/header-footer-elementor/assets/css/header-footer-elementor605a.css]
[geoula-kids.fr/feed/index.html]
[geoula-kids.fr/wp-content/plugins/elementor/assets/css/frontend.min1b64.css]
[geoula-kids.fr/wp-content/uploads/elementor/css/post-18413b.css]
[geoula-kids.fr/wp-content/plugins/elementor/assets/lib/animations/styles/rollIn.min1b64.css]
[geoula-kids.fr/wp-content/plugins/elementor/assets/css/widget-image.min1b64.css]
[geoula-kids.fr/wp-content/plugins/elementor/assets/lib/animations/styles/lightSpeedIn.min1b64.css]
[geoula-kids.fr/comments/feed/index.html]
[geoula-kids.fr/wp-content/plugins/elementor/assets/lib/animations/styles/bounceInUp.min1b64.css]
[geoula-kids.fr/wp-content/plugins/elementor/assets/css/widget-heading.min1b64.css]
[geoula-kids.fr/wp-content/plugins/elementor/assets/css/widget-spacer.min1b64.css]
[geoula-kids.fr/wp-content/plugins/elementor/assets/lib/animations/styles/rotateIn.min1b64.css]
[geoula-kids.fr/wp-content/plugins/elementor/assets/lib/animations/styles/rotateInDownLeft.min1b64.css]
[geoula-kids.fr/wp-content/plugins/elementor/assets/lib/animations/styles/rotateInUpRight.min1b64.css]
[geoula-kids.fr/wp-content/plugins/elementor/assets/lib/animations/styles/bounceInLeft.min1b64.css]
[geoula-kids.fr/wp-content/plugins/elementor/assets/css/widget-text-editor.min1b64.css]
[geoula-kids.fr/wp-content/plugins/elementor/assets/lib/animations/styles/fadeInLeft.min1b64.css]
[geoula-kids.fr/wp-content/plugins/elementor/assets/lib/animations/styles/fadeInDown.min1b64.css]
[geoula-kids.fr/wp-content/plugins/elementor/assets/lib/animations/styles/fadeInRight.min1b64.css]
[geoula-kids.fr/wp-content/plugins/elementor/assets/lib/animations/styles/zoomInLeft.min1b64.css]
[geoula-kids.fr/wp-content/plugins/elementor/assets/lib/animations/styles/zoomInDown.min1b64.css]
[geoula-kids.fr/wp-content/plugins/elementor/assets/lib/animations/styles/zoomInRight.min1b64.css]
[geoula-kids.fr/wp-content/uploads/elementor/css/post-103fa6c.css]
[geoula-kids.fr/wp-content/themes/hello-elementor/style.min9b70.css]
[geoula-kids.fr/wp-content/themes/hello-elementor/theme.min9b70.css]
[geoula-kids.fr/wp-content/themes/hello-elementor/header-footer.min9b70.css]
[geoula-kids.fr/wp-content/plugins/elementor/assets/lib/eicons/css/elementor-icons.min705c.css]
[geoula-kids.fr/wp-content/plugins/elementor/assets/css/widget-icon-list.min44b4.css]
[geoula-kids.fr/wp-content/plugins/elementor/assets/css/widget-social-icons.min2401.css]
[geoula-kids.fr/wp-content/plugins/elementor/assets/lib/font-awesome/css/brands52d5.css]
[geoula-kids.fr/wp-content/plugins/elementor/assets/lib/font-awesome/css/fontawesome52d5.css]
[geoula-kids.fr/wp-content/plugins/elementor/assets/lib/font-awesome/css/solid52d5.css]
[geoula-kids.fr/wp-content/plugins/royal-elementor-addons/assets/css/lib/animations/text-animations.min673a.css]
[geoula-kids.fr/wp-content/plugins/royal-elementor-addons/assets/css/frontend.min673a.css]
[geoula-kids.fr/wp-content/plugins/elementor/assets/lib/font-awesome/css/all.min673a.css]
[geoula-kids.fr/wp-content/uploads/elementor/google-fonts/css/robotoa877.css]
[geoula-kids.fr/wp-content/uploads/elementor/google-fonts/css/robotoslab0960.css]
[geoula-kids.fr/wp-content/uploads/elementor/google-fonts/css/luckiestguy0960.css]
[geoula-kids.fr/wp-content/uploads/elementor/google-fonts/css/alfaslabone0960.css]
[geoula-kids.fr/wp-content/uploads/elementor/google-fonts/css/lobster9fbd.css]
[geoula-kids.fr/wp-includes/js/jquery/jquery.minf43b.js]
[geoula-kids.fr/wp-includes/js/jquery/jquery-migrate.min5589.js]
[geoula-kids.fr/wp-json/index.html]
[geoula-kids.fr/wp-json/wp/v2/pages/103.json]
[geoula-kids.fr/xmlrpc0db0.php]
[geoula-kids.fr/wp-json/oembed/1.0/embeda9dc.json]
[geoula-kids.fr/wp-json/oembed/1.0/embeda4fa]
[geoula-kids.fr/wp-content/uploads/2024/06/Logo-FD-Blan-150x150.png]
[geoula-kids.fr/wp-content/uploads/2024/06/Logo-FD-Blan-300x300.png]
[geoula-kids.fr/wp-content/uploads/2024/06/Entete_5784-removebg-preview.png]
[geoula-kids.fr/wp-content/uploads/2025/02/En-tete-Paracha-site-1024x724.jpg]
[geoula-kids.fr/wp-content/uploads/2025/02/Histoire-1024x724.jpg]
[geoula-kids.fr/missions-geoulatik/index.html]
[geoula-kids.fr/wp-content/uploads/2025/02/Banniere-Mission-GK-1024x724.png]
[geoula-kids.fr/wp-content/uploads/2025/02/Banniere-LK-GK-1024x724.jpg]
[geoula-kids.fr/tirages-passes-2/index.html]
[geoula-kids.fr/wp-content/uploads/2025/02/Banniere-GAMING-GK-1024x724.jpg]
[geoula-kids.fr/wp-content/uploads/2025/02/Banniere-acti-GK-1024x724.jpg]
[geoula-kids.fr/wp-content/plugins/royal-elementor-addons/assets/js/lib/particles/particles7c45.js]
[geoula-kids.fr/wp-content/plugins/royal-elementor-addons/assets/js/lib/jarallax/jarallax.minf184.js]
[geoula-kids.fr/tirages-a-venir/index.html]
[geoula-kids.fr/wp-content/plugins/royal-elementor-addons/assets/js/lib/parallax/parallax.min5152.js]
[geoula-kids.fr/wp-content/plugins/header-footer-elementor/inc/js/frontend605a.js]
[geoula-kids.fr/jeux-par-sefer/index.html]
[geoula-kids.fr/wp-content/themes/hello-elementor/assets/js/hello-frontend.min9b70.js]
[geoula-kids.fr/wp-content/plugins/elementor/assets/js/webpack.runtime.min1b64.js]
[geoula-kids.fr/wp-content/plugins/elementor/assets/js/frontend-modules.min1b64.js]
[geoula-kids.fr/wp-includes/js/jquery/ui/core.minb37e.js]
[geoula-kids.fr/wp-content/plugins/elementor/assets/js/frontend.min1b64.js]
[geoula-kids.fr/jeux-sefer-berechit/index.html]
[geoula-kids.fr/wp-content/plugins/royal-elementor-addons/assets/js/frontend.min673a.js]
[geoula-kids.fr/wp-content/plugins/royal-elementor-addons/assets/js/modal-popups.min673a.js]
[geoula-kids.fr/index.html]
[geoula-kids.fr/wp-content/plugins/header-footer-elementor/inc/widgets-css/frontend605a.css]
[geoula-kids.fr/wp-content/plugins/header-footer-elementor/assets/css/header-footer-elementor605a.css]
[geoula-kids.fr/wp-content/plugins/elementor/assets/css/frontend.min1b64.css]
[geoula-kids.fr/jeux-sefer-chemot/index.html]
[geoula-kids.fr/wp-content/uploads/elementor/css/post-18413b.css]
[geoula-kids.fr/jeux-sefer-vayikra/index.html]
[geoula-kids.fr/jeux-sefer-bamidbar/index.html]
[geoula-kids.fr/wp-content/plugins/elementor/assets/lib/animations/styles/rollIn.min1b64.css]
[geoula-kids.fr/jeux-sefer-devarim/index.html]
[geoula-kids.fr/wp-content/plugins/elementor/assets/css/widget-image.min1b64.css]
[geoula-kids.fr/feuillets-hebdomadaires/index.html]
[geoula-kids.fr/wp-content/plugins/elementor/assets/lib/animations/styles/lightSpeedIn.min1b64.css]
[geoula-kids.fr/sefer-berechit-2/index.html]
[geoula-kids.fr/sefer-chemot-2/index.html]
[geoula-kids.fr/wp-content/plugins/elementor/assets/lib/animations/styles/bounceInUp.min1b64.css]
[geoula-kids.fr/sefer-vayikra-4/index.html]
[geoula-kids.fr/le-baal-chem-tov/index.html]
[geoula-kids.fr/wp-content/plugins/elementor/assets/css/widget-heading.min1b64.css]
[geoula-kids.fr/sefer-bamidbar/index.html]
[geoula-kids.fr/sefer-devarim-2/index.html]
[geoula-kids.fr/wp-content/plugins/elementor/assets/css/widget-spacer.min1b64.css]
[geoula-kids.fr/les-histoires-de-more-yoni/index.html]
[geoula-kids.fr/le-maguid-de-mezeritch/index.html]
[geoula-kids.fr/wp-content/plugins/elementor/assets/lib/animations/styles/rotateIn.min1b64.css]
[geoula-kids.fr/le-noam-elimeleh/index.html]
[geoula-kids.fr/rabbi-zoucha-de-anipoly/index.html]
[geoula-kids.fr/wp-content/plugins/elementor/assets/lib/animations/styles/rotateInDownLeft.min1b64.css]
[geoula-kids.fr/rabbi-yaacov-yossef/index.html]
[geoula-kids.fr/learn-kiff-by-geoula-kids/index.html]
[geoula-kids.fr/wp-content/plugins/elementor/assets/lib/animations/styles/rotateInUpRight.min1b64.css]
[geoula-kids.fr/wp-content/plugins/elementor/assets/lib/animations/styles/bounceInLeft.min1b64.css]
[geoula-kids.fr/wp-content/plugins/elementor/assets/css/widget-text-editor.min1b64.css]
[geoula-kids.fr/wp-content/plugins/elementor/assets/lib/animations/styles/fadeInLeft.min1b64.css]
[geoula-kids.fr/wp-content/plugins/elementor/assets/lib/animations/styles/fadeInDown.min1b64.css]
[geoula-kids.fr/wp-content/plugins/elementor/assets/lib/animations/styles/fadeInRight.min1b64.css]
[geoula-kids.fr/wp-content/plugins/elementor/assets/lib/animations/styles/zoomInLeft.min1b64.css]
[geoula-kids.fr/wp-content/plugins/elementor/assets/lib/animations/styles/zoomInDown.min1b64.css]
[geoula-kids.fr/wp-content/plugins/elementor/assets/lib/animations/styles/zoomInRight.min1b64.css]
[geoula-kids.fr/activites-by-geoula-kids/index.html]
[geoula-kids.fr/wp-content/uploads/2024/06/FD-acceuil.jpg]
[geoula-kids.fr/wp-content/uploads/elementor/css/post-103fa6c.css]
[geoula-kids.fr/wp-content/themes/hello-elementor/style.min9b70.css]
[geoula-kids.fr/wp-content/themes/hello-elementor/theme.min9b70.css]
[geoula-kids.fr/wp-content/themes/hello-elementor/header-footer.min9b70.css]
[geoula-kids.fr/fetes-by-geoula-kids/index.html]
[geoula-kids.fr/mon-compte/index.html]
[geoula-kids.fr/wp-content/plugins/elementor/assets/lib/eicons/fonts/eiconsfcca.woff2]
[geoula-kids.fr/wp-content/plugins/elementor/assets/lib/eicons/fonts/eiconsfcca.eot]
[geoula-kids.fr/wp-content/plugins/elementor/assets/lib/eicons/fonts/eiconsfcca.woff]
[geoula-kids.fr/wp-content/plugins/elementor/assets/lib/eicons/fonts/eiconsfcca.ttf]
[geoula-kids.fr/wp-content/plugins/elementor/assets/lib/eicons/css/elementor-icons.min705c.css]
[geoula-kids.fr/wp-content/plugins/elementor/assets/css/widget-icon-list.min44b4.css]
[geoula-kids.fr/wp-content/plugins/elementor/assets/css/widget-social-icons.min2401.css]
[geoula-kids.fr/wp-content/plugins/elementor/assets/lib/eicons/fonts/eiconsfcca.svg]
[geoula-kids.fr/wp-content/plugins/elementor/assets/lib/font-awesome/webfonts/fa-brands-400.eot]
[geoula-kids.fr/wp-content/plugins/elementor/assets/lib/font-awesome/webfonts/fa-brands-400d41d.eot]
[geoula-kids.fr/wp-content/plugins/elementor/assets/lib/font-awesome/webfonts/fa-brands-400.woff2]
[geoula-kids.fr/wp-content/plugins/elementor/assets/lib/font-awesome/webfonts/fa-brands-400.woff]
[geoula-kids.fr/wp-content/plugins/elementor/assets/lib/font-awesome/webfonts/fa-brands-400.ttf]
[geoula-kids.fr/wp-content/plugins/elementor/assets/lib/font-awesome/css/brands52d5.css]
[geoula-kids.fr/wp-content/plugins/elementor/assets/lib/font-awesome/css/fontawesome52d5.css]
[geoula-kids.fr/wp-content/plugins/elementor/assets/lib/font-awesome/webfonts/fa-brands-400.svg]
[geoula-kids.fr/wp-content/plugins/elementor/assets/lib/font-awesome/webfonts/fa-solid-900.eot]
[geoula-kids.fr/wp-content/plugins/elementor/assets/lib/font-awesome/webfonts/fa-solid-900d41d.eot]
[geoula-kids.fr/wp-content/plugins/elementor/assets/lib/font-awesome/webfonts/fa-solid-900.woff2]
[geoula-kids.fr/wp-content/plugins/elementor/assets/lib/font-awesome/webfonts/fa-solid-900.woff]
[geoula-kids.fr/wp-content/plugins/elementor/assets/lib/font-awesome/webfonts/fa-solid-900.ttf]
[geoula-kids.fr/wp-content/plugins/elementor/assets/lib/font-awesome/css/solid52d5.css]
[geoula-kids.fr/wp-content/plugins/royal-elementor-addons/assets/css/lib/animations/text-animations.min673a.css]
[geoula-kids.fr/wp-content/plugins/royal-elementor-addons/assets/css/frontend.min673a.css]
[geoula-kids.fr/wp-content/plugins/elementor/assets/lib/font-awesome/webfonts/fa-solid-900.svg]
[geoula-kids.fr/wp-content/plugins/elementor/assets/lib/font-awesome/webfonts/fa-regular-400.eot]
[geoula-kids.fr/wp-content/plugins/elementor/assets/lib/font-awesome/webfonts/fa-regular-400d41d.eot]
[geoula-kids.fr/wp-content/plugins/elementor/assets/lib/font-awesome/webfonts/fa-regular-400.woff2]
[geoula-kids.fr/wp-content/plugins/elementor/assets/lib/font-awesome/webfonts/fa-regular-400.woff]
[geoula-kids.fr/wp-content/plugins/elementor/assets/lib/font-awesome/webfonts/fa-regular-400.ttf]
[geoula-kids.fr/wp-content/plugins/elementor/assets/lib/font-awesome/css/all.min673a.css]
[geoula-kids.fr/wp-content/plugins/elementor/assets/lib/font-awesome/webfonts/fa-regular-400.svg]
[geoula-kids.fr/wp-content/uploads/elementor/google-fonts/fonts/roboto-kfo5cnqeu92fr1mu53zec9_vu3r1gihoszmkc3kawzu.woff2]
[geoula-kids.fr/wp-content/uploads/elementor/google-fonts/fonts/roboto-kfo5cnqeu92fr1mu53zec9_vu3r1gihoszmkankawzu.woff2]
[geoula-kids.fr/wp-content/uploads/elementor/google-fonts/fonts/roboto-kfo5cnqeu92fr1mu53zec9_vu3r1gihoszmkcnkawzu.woff2]
[geoula-kids.fr/wp-content/uploads/elementor/google-fonts/fonts/roboto-kfo5cnqeu92fr1mu53zec9_vu3r1gihoszmkbxkawzu.woff2]
[geoula-kids.fr/wp-content/uploads/elementor/google-fonts/fonts/roboto-kfo5cnqeu92fr1mu53zec9_vu3r1gihoszmkenkawzu.woff2]
[geoula-kids.fr/wp-content/uploads/elementor/google-fonts/fonts/roboto-kfo5cnqeu92fr1mu53zec9_vu3r1gihoszmkahkawzu.woff2]
[geoula-kids.fr/wp-content/uploads/elementor/google-fonts/fonts/roboto-kfo5cnqeu92fr1mu53zec9_vu3r1gihoszmkcxkawzu.woff2]
[geoula-kids.fr/wp-content/uploads/elementor/google-fonts/fonts/roboto-kfo5cnqeu92fr1mu53zec9_vu3r1gihoszmkchkawzu.woff2]
[geoula-kids.fr/wp-content/uploads/elementor/google-fonts/fonts/roboto-kfo5cnqeu92fr1mu53zec9_vu3r1gihoszmkbnka.woff2]
[geoula-kids.fr/wp-content/uploads/elementor/google-fonts/fonts/roboto-kfo7cnqeu92fr1me7ksn66agldtyluama3gubgee.woff2]
[geoula-kids.fr/wp-content/uploads/elementor/google-fonts/fonts/roboto-kfo7cnqeu92fr1me7ksn66agldtyluama3iubgee.woff2]
[geoula-kids.fr/wp-content/uploads/elementor/google-fonts/fonts/roboto-kfo7cnqeu92fr1me7ksn66agldtyluama3cubgee.woff2]
[geoula-kids.fr/wp-content/uploads/elementor/google-fonts/fonts/roboto-kfo7cnqeu92fr1me7ksn66agldtyluama3-ubgee.woff2]
[geoula-kids.fr/wp-content/uploads/elementor/google-fonts/fonts/roboto-kfo7cnqeu92fr1me7ksn66agldtyluamawcubgee.woff2]
[geoula-kids.fr/wp-content/uploads/elementor/google-fonts/fonts/roboto-kfo7cnqeu92fr1me7ksn66agldtyluamaxkubgee.woff2]
[geoula-kids.fr/wp-content/uploads/elementor/google-fonts/fonts/roboto-kfo7cnqeu92fr1me7ksn66agldtyluama3oubgee.woff2]
[geoula-kids.fr/wp-content/uploads/elementor/google-fonts/fonts/roboto-kfo7cnqeu92fr1me7ksn66agldtyluama3kubgee.woff2]
[geoula-kids.fr/wp-content/uploads/elementor/google-fonts/fonts/roboto-kfo7cnqeu92fr1me7ksn66agldtyluama3yuba.woff2]
[geoula-kids.fr/wp-content/uploads/elementor/google-fonts/css/robotoa877.css]
[geoula-kids.fr/wp-content/uploads/elementor/google-fonts/fonts/robotoslab-bngmuxzytxpivibgjjsb6ufa5qw54a.woff2]
[geoula-kids.fr/wp-content/uploads/elementor/google-fonts/fonts/robotoslab-bngmuxzytxpivibgjjsb6ufj5qw54a.woff2]
[geoula-kids.fr/wp-content/uploads/elementor/google-fonts/fonts/robotoslab-bngmuxzytxpivibgjjsb6ufb5qw54a.woff2]
[geoula-kids.fr/wp-content/uploads/elementor/google-fonts/fonts/robotoslab-bngmuxzytxpivibgjjsb6ufo5qw54a.woff2]
[geoula-kids.fr/wp-content/uploads/elementor/google-fonts/fonts/robotoslab-bngmuxzytxpivibgjjsb6ufc5qw54a.woff2]
[geoula-kids.fr/wp-content/uploads/elementor/google-fonts/fonts/robotoslab-bngmuxzytxpivibgjjsb6ufd5qw54a.woff2]
[geoula-kids.fr/wp-content/uploads/elementor/google-fonts/fonts/robotoslab-bngmuxzytxpivibgjjsb6ufn5qu.woff2]
[geoula-kids.fr/wp-content/uploads/elementor/google-fonts/css/robotoslab0960.css]
[geoula-kids.fr/wp-content/uploads/elementor/google-fonts/fonts/luckiestguy-gp_1rrxsjcxvyin9l9n_j2hq952mdo.woff2]
[geoula-kids.fr/wp-content/uploads/elementor/google-fonts/fonts/luckiestguy-gp_1rrxsjcxvyin9l9n_j2htd52.woff2]
[geoula-kids.fr/wp-content/uploads/elementor/google-fonts/css/luckiestguy0960.css]
[geoula-kids.fr/wp-content/uploads/elementor/google-fonts/fonts/alfaslabone-6nuq8fmmkwsekjnm5-4v-4jh2d1he-wv.woff2]
[geoula-kids.fr/wp-content/uploads/elementor/google-fonts/fonts/alfaslabone-6nuq8fmmkwsekjnm5-4v-4jh2dxhe-wv.woff2]
[geoula-kids.fr/wp-content/uploads/elementor/google-fonts/fonts/alfaslabone-6nuq8fmmkwsekjnm5-4v-4jh2djhew.woff2]
[geoula-kids.fr/wp-content/uploads/elementor/google-fonts/css/alfaslabone0960.css]
[geoula-kids.fr/wp-content/uploads/elementor/google-fonts/fonts/lobster-neilzcirqoswsqx9zo-mm5ez.woff2]
[geoula-kids.fr/wp-content/uploads/elementor/google-fonts/fonts/lobster-neilzcirqoswsqx9zoamm5ez.woff2]
[geoula-kids.fr/wp-content/uploads/elementor/google-fonts/fonts/lobster-neilzcirqoswsqx9zo2mm5ez.woff2]
[geoula-kids.fr/wp-content/uploads/elementor/google-fonts/fonts/lobster-neilzcirqoswsqx9zoymm5ez.woff2]
[geoula-kids.fr/wp-content/uploads/elementor/google-fonts/fonts/lobster-neilzcirqoswsqx9zokmmw.woff2]
[geoula-kids.fr/wp-content/uploads/elementor/google-fonts/css/lobster9fbd.css]
[geoula-kids.fr/wp-content/uploads/elementor/css/post-60172b.css]
[geoula-kids.fr/wp-content/uploads/elementor/google-fonts/css/alegreya7629.css]
[geoula-kids.fr/wp-json/wp/v2/pages/60.json]
[geoula-kids.fr/wp-json/oembed/1.0/embed4fae.json]
[geoula-kids.fr/wp-json/oembed/1.0/embed450c]
[geoula-kids.fr/missions-geoulatik/index.html]
[geoula-kids.fr/wp-content/uploads/elementor/css/post-22096b2.css]
[geoula-kids.fr/wp-content/uploads/elementor/google-fonts/css/angkor6359.css]
[geoula-kids.fr/wp-content/uploads/elementor/google-fonts/css/sarina6359.css]
[geoula-kids.fr/wp-json/wp/v2/pages/220.json]
[geoula-kids.fr/wp-json/oembed/1.0/embed61f1.json]
[geoula-kids.fr/wp-json/oembed/1.0/embed966f]
[images1.vinted.net/t/03_0241a_M6hDBUZHcjdcKudi97fdFkYL/f800/1692814982aee2.jpg]
[m.media-amazon.com/images/I/91Js89Kb9EL.jpg]
[media.s-bol.com/B6DPEj7Kyk4x/1200x789.jpg]
[joueclub-joueclub-fr-storage.omn.proximis.com/Imagestorage/imagesSynchro/5000/5000/818c9a78dcc4bc72d3cd05de8115368c7bc408ba_04122037.jpg]
[lansay.fr/sites/default/files/2022-08/23045_PACK.png]
[www.schmidtspiele.de/assets/images/f/88438_Packshot-234e531a.png]
[static.fnac-static.com/multimedia/Images/FR/NR/45/48/2c/2902085/1505-1/tsp20160714092857/Hasbro-Cranium.jpg]
[media.but.fr/images_produits/produit-zoom/3664944209829_A.jpg]
[geoula-kids.fr/tirages-passes-2/index.html]
[geoula-kids.fr/wp-content/uploads/elementor/css/post-2180ae0.css]
[geoula-kids.fr/wp-json/wp/v2/pages/218.json]
[geoula-kids.fr/wp-json/oembed/1.0/embed3d2c.json]
[geoula-kids.fr/wp-json/oembed/1.0/embed6aa5]
[geoula-kids.fr/wp-content/uploads/2024/07/Affiche-goral-Mission-GK-1024x1024.jpg]
[geoula-kids.fr/tirages-a-venir/index.html]
[static.elfsight.com/platform/platform.js]
[geoula-kids.fr/wp-content/uploads/elementor/css/post-425231.css]
[geoula-kids.fr/wp-content/uploads/elementor/google-fonts/css/boogaloof39f.css]
[geoula-kids.fr/wp-json/wp/v2/pages/42.json]
[geoula-kids.fr/wp-json/oembed/1.0/embeddf45.json]
[geoula-kids.fr/wp-json/oembed/1.0/embed5f28]
[geoula-kids.fr/wp-content/uploads/2024/07/FB.jpg]
[geoula-kids.fr/wp-content/uploads/2024/07/Jeux-Berechit-1024x724.jpg]
[geoula-kids.fr/wp-content/uploads/2024/07/Jeux-Chemot-1024x724.jpg]
[geoula-kids.fr/wp-content/uploads/2024/07/Jeu-Vayikra-1024x724.jpg]
[geoula-kids.fr/wp-content/uploads/2024/07/Jeu-BAmidbar-1024x724.jpg]
[geoula-kids.fr/wp-content/uploads/2024/07/Jeu-Devarim-1024x724.jpg]
[geoula-kids.fr/jeux-par-sefer/index.html]
[geoula-kids.fr/wp-content/uploads/elementor/css/post-4504ce.css]
[geoula-kids.fr/wp-json/wp/v2/pages/45.json]
[geoula-kids.fr/wp-json/oembed/1.0/embed2297.json]
[geoula-kids.fr/wp-json/oembed/1.0/embed3c17]
[geoula-kids.fr/jeux-sefer-berechit/index.html]
[geoula-kids.fr/wp-content/uploads/elementor/css/post-48ec6a.css]
[geoula-kids.fr/wp-json/wp/v2/pages/48.json]
[geoula-kids.fr/wp-json/oembed/1.0/embedfeb8.json]
[geoula-kids.fr/wp-json/oembed/1.0/embed6df6]
[geoula-kids.fr/jeux-sefer-chemot/index.html]
[geoula-kids.fr/wp-content/uploads/elementor/css/post-1597fa1.css]
[geoula-kids.fr/wp-json/wp/v2/pages/159.json]
[geoula-kids.fr/wp-json/oembed/1.0/embed0fcf.json]
[geoula-kids.fr/wp-json/oembed/1.0/embed089e]
[geoula-kids.fr/jeux-sefer-vayikra/index.html]
[geoula-kids.fr/wp-content/uploads/elementor/css/post-817fa1.css]
[geoula-kids.fr/wp-json/wp/v2/pages/81.json]
[geoula-kids.fr/wp-json/oembed/1.0/embed9cfb.json]
[geoula-kids.fr/wp-json/oembed/1.0/embeda877]
[geoula-kids.fr/jeux-sefer-bamidbar/index.html]
[geoula-kids.fr/wp-content/uploads/elementor/css/post-5762a0.css]
[geoula-kids.fr/wp-json/wp/v2/pages/57.json]
[geoula-kids.fr/wp-json/oembed/1.0/embed1fbc.json]
[geoula-kids.fr/wp-json/oembed/1.0/embed1708]
[geoula-kids.fr/jeux-sefer-devarim/index.html]
[geoula-kids.fr/wp-content/uploads/elementor/css/post-69ddaa.css]
[geoula-kids.fr/wp-json/wp/v2/pages/69.json]
[geoula-kids.fr/wp-json/oembed/1.0/embeddcc2.json]
[geoula-kids.fr/wp-json/oembed/1.0/embeded6a]
[geoula-kids.fr/wp-content/uploads/2024/07/ENBER-1-1024x724.jpg]
[geoula-kids.fr/wp-content/uploads/2024/07/Sefer-Chemot-1-1024x724.jpg]
[geoula-kids.fr/wp-content/uploads/2024/07/Sefer-Vayikra-1024x724.jpg]
[geoula-kids.fr/wp-content/uploads/2024/07/Sefer-Bamidbar-1-1024x724.jpg]
[geoula-kids.fr/wp-content/uploads/2024/07/Sefer-Devarim-1-1024x724.jpg]
[geoula-kids.fr/feuillets-hebdomadaires/index.html]
[geoula-kids.fr/wp-content/plugins/elementor/assets/lib/animations/styles/fadeInUp.min1b64.css]
[geoula-kids.fr/wp-content/uploads/elementor/css/post-727127.css]
[geoula-kids.fr/wp-json/wp/v2/pages/72.json]
[geoula-kids.fr/wp-json/oembed/1.0/embeda1f8.json]
[geoula-kids.fr/wp-json/oembed/1.0/embedc796]
[geoula-kids.fr/wp-content/uploads/2024/07/Bere-1024x724.jpg]
[geoula-kids.fr/wp-content/uploads/2024/07/Noah-1024x724.jpg]
[geoula-kids.fr/wp-content/uploads/2024/07/Geoula-Kids-Noah-5784.pdf]
[geoula-kids.fr/wp-content/uploads/2024/07/Leh-1024x724.jpg]
[geoula-kids.fr/wp-content/uploads/2024/07/p.1.png]
[geoula-kids.fr/wp-content/uploads/2024/07/Vayera-1024x724.jpg]
[geoula-kids.fr/wp-content/uploads/2024/07/Geoula-Kids-Vayera-5784_compressed.pdf]
[geoula-kids.fr/wp-content/uploads/2024/07/Haye-1024x724.jpg]
[geoula-kids.fr/wp-content/uploads/2024/07/p.1.pdf]
[geoula-kids.fr/wp-content/uploads/2024/07/Tole-1024x724.jpg]
[geoula-kids.fr/wp-content/uploads/2024/07/Geoula-Kids-Toledot-5784.pdf]
[geoula-kids.fr/wp-content/uploads/2024/07/Vetse-1024x724.jpg]
[geoula-kids.fr/wp-content/uploads/2024/07/p.1-scaled.jpg]
[geoula-kids.fr/wp-content/uploads/2024/07/Vayichlaj-1024x724.jpg]
[geoula-kids.fr/wp-content/uploads/2024/07/Geoula-Kids-Vayichlah-5784.pdf]
[geoula-kids.fr/wp-content/uploads/2024/07/Vayechev-1024x724.jpg]
[geoula-kids.fr/wp-content/uploads/2024/07/Geoula-Kids-Vayechev-5784.pdf]
[geoula-kids.fr/wp-content/uploads/2024/07/Mikets-1024x724.jpg]
[geoula-kids.fr/wp-content/uploads/2024/07/Vayigash-1024x724.jpg]
[geoula-kids.fr/wp-content/uploads/2024/07/Vayehi-1024x724.jpg]
[geoula-kids.fr/wp-content/uploads/2024/07/Geoula-Kids-Vayehi-5784.pdf]
[geoula-kids.fr/sefer-berechit-2/index.html]
[geoula-kids.fr/wp-content/uploads/elementor/css/post-751177.css]
[geoula-kids.fr/wp-json/wp/v2/pages/75.json]
[geoula-kids.fr/wp-json/oembed/1.0/embedfbba.json]
[geoula-kids.fr/wp-json/oembed/1.0/embed6ea9]
[geoula-kids.fr/wp-content/uploads/2024/07/Chemot-1024x724.jpg]
[geoula-kids.fr/wp-content/uploads/2024/07/Vaera-1024x724.jpg]
[geoula-kids.fr/wp-content/uploads/2024/07/Bo-1024x724.jpg]
[geoula-kids.fr/wp-content/uploads/2024/07/Bechalah-1024x724.jpg]
[geoula-kids.fr/wp-content/uploads/2024/07/Yitro-1024x724.jpg]
[geoula-kids.fr/wp-content/uploads/2024/07/Mishpatim-1024x724.jpg]
[geoula-kids.fr/wp-content/uploads/2024/07/terouma-1024x724.jpg]
[geoula-kids.fr/wp-content/uploads/2024/07/Tetsave-1024x724.jpg]
[geoula-kids.fr/wp-content/uploads/2024/07/Ki-Tissa-1024x724.jpg]
[geoula-kids.fr/wp-content/uploads/2024/07/Vayakhel-1024x724.jpg]
[geoula-kids.fr/wp-content/uploads/2024/07/Pekoude-1024x724.jpg]
[geoula-kids.fr/sefer-chemot-2/index.html]
[geoula-kids.fr/wp-content/uploads/elementor/css/post-1845a1d.css]
[geoula-kids.fr/wp-json/wp/v2/pages/184.json]
[geoula-kids.fr/wp-json/oembed/1.0/embed43a5.json]
[geoula-kids.fr/wp-json/oembed/1.0/embed63db]
[geoula-kids.fr/wp-content/uploads/2024/07/Vayikra-1024x724.jpg]
[geoula-kids.fr/wp-content/uploads/2024/07/Tsav-1024x724.jpg]
[geoula-kids.fr/wp-content/uploads/2024/07/Chemini-1024x724.jpg]
[geoula-kids.fr/wp-content/uploads/2024/07/Tazria-1024x724.jpg]
[geoula-kids.fr/wp-content/uploads/2024/07/Metsora-1024x724.jpg]
[geoula-kids.fr/wp-content/uploads/2024/07/Ahare-mot-1024x724.jpg]
[geoula-kids.fr/wp-content/uploads/2024/07/Kedochim-1024x724.jpg]
[geoula-kids.fr/wp-content/uploads/2024/07/Emor-1024x724.jpg]
[geoula-kids.fr/wp-content/uploads/2024/07/Behar-1024x724.jpg]
[geoula-kids.fr/wp-content/uploads/2024/07/Behoukotay-1024x724.jpg]
[geoula-kids.fr/sefer-vayikra-4/index.html]
[geoula-kids.fr/wp-content/uploads/elementor/css/post-542902.css]
[geoula-kids.fr/wp-json/wp/v2/pages/54.json]
[geoula-kids.fr/wp-json/oembed/1.0/embed4475.json]
[geoula-kids.fr/wp-json/oembed/1.0/embed92c8]
[geoula-kids.fr/wp-content/uploads/2024/07/Bamidbar-1024x724.jpg]
[geoula-kids.fr/wp-content/uploads/2024/07/Nasso-1024x724.jpg]
[geoula-kids.fr/wp-content/uploads/2024/07/Beahaloteha-1024x724.jpg]
[geoula-kids.fr/wp-content/uploads/2024/07/Chelah-1024x724.jpg]
[geoula-kids.fr/wp-content/uploads/2024/07/Korah-1024x724.jpg]
[geoula-kids.fr/wp-content/uploads/2024/07/Houkat-1024x724.jpg]
[geoula-kids.fr/wp-content/uploads/2024/07/Balak-1024x724.jpg]
[geoula-kids.fr/wp-content/uploads/2024/07/Pinhas-1024x724.jpg]
[geoula-kids.fr/wp-content/uploads/2024/07/Matot-1024x724.jpg]
[geoula-kids.fr/wp-content/uploads/2024/07/Masse-1024x724.jpg]
[geoula-kids.fr/sefer-bamidbar/index.html]
[geoula-kids.fr/wp-content/uploads/elementor/css/post-849ef4.css]
[geoula-kids.fr/wp-json/wp/v2/pages/84.json]
[geoula-kids.fr/wp-json/oembed/1.0/embedd740.json]
[geoula-kids.fr/wp-json/oembed/1.0/embed2865]
[geoula-kids.fr/wp-content/uploads/2024/07/Devarim-1024x724.jpg]
[geoula-kids.fr/wp-content/uploads/2024/07/Vaethananane-1024x724.jpg]
[geoula-kids.fr/wp-content/uploads/2024/07/Ekev-1024x724.jpg]
[geoula-kids.fr/wp-content/uploads/2024/07/Ree-1024x724.jpg]
[geoula-kids.fr/wp-content/uploads/2024/07/Choftim-1024x724.jpg]
[geoula-kids.fr/wp-content/uploads/2024/07/Ki-Tetse-1024x724.jpg]
[geoula-kids.fr/wp-content/uploads/2024/07/Ki-tavo-1024x724.jpg]
[geoula-kids.fr/wp-content/uploads/2024/07/Nitsavim-1024x724.jpg]
[geoula-kids.fr/wp-content/uploads/2024/07/Vayeleh-1024x724.jpg]
[geoula-kids.fr/wp-content/uploads/2024/07/Haazinou-1024x724.jpg]
[geoula-kids.fr/wp-content/uploads/2024/07/Vezot-1024x724.jpg]
[geoula-kids.fr/sefer-devarim-2/index.html]
[geoula-kids.fr/wp-content/plugins/elementor/assets/lib/animations/styles/zoomInUp.min1b64.css]
[geoula-kids.fr/wp-content/uploads/elementor/css/post-87acb0.css]
[geoula-kids.fr/wp-json/wp/v2/pages/87.json]
[geoula-kids.fr/wp-json/oembed/1.0/embed796d.json]
[geoula-kids.fr/wp-json/oembed/1.0/embed3f75]
[geoula-kids.fr/wp-content/uploads/2024/07/BECHT-scaled.jpg]
[geoula-kids.fr/wp-content/uploads/2024/07/H-Maguid-1-scaled.jpg]
[geoula-kids.fr/wp-content/uploads/2024/07/Noam-Elimeleh-2048x1448.jpg]
[geoula-kids.fr/wp-content/uploads/2024/07/Rabbi-Zoucha-scaled.jpg]
[geoula-kids.fr/wp-content/uploads/2024/07/BECHT-1-scaled.jpg]
[geoula-kids.fr/wp-content/uploads/2024/07/Baba-sale-scaled.jpg]
[geoula-kids.fr/wp-content/uploads/2024/07/Orah-haim-scaled.jpg]
[geoula-kids.fr/wp-content/uploads/2024/07/Rabbi-Amram-2048x1448.jpg]
[geoula-kids.fr/wp-content/uploads/2024/07/Rabbi-Haim-Pinto-scaled.jpg]
[geoula-kids.fr/les-histoires-de-more-yoni/index.html]
[geoula-kids.fr/wp-content/uploads/elementor/css/post-905b56.css]
[geoula-kids.fr/wp-json/wp/v2/pages/90.json]
[geoula-kids.fr/wp-json/oembed/1.0/embed821e.json]
[geoula-kids.fr/wp-json/oembed/1.0/embed9275]
[geoula-kids.fr/le-baal-chem-tov/index.html]
[geoula-kids.fr/wp-content/uploads/elementor/css/post-10445b9d.css]
[geoula-kids.fr/wp-json/wp/v2/pages/1044.json]
[geoula-kids.fr/wp-json/oembed/1.0/embedd18c.json]
[geoula-kids.fr/wp-json/oembed/1.0/embed854d]
[geoula-kids.fr/le-maguid-de-mezeritch/index.html]
[geoula-kids.fr/wp-content/uploads/elementor/css/post-10465b9d.css]
[geoula-kids.fr/wp-json/wp/v2/pages/1046.json]
[geoula-kids.fr/wp-json/oembed/1.0/embedda94.json]
[geoula-kids.fr/wp-json/oembed/1.0/embed1894]
[geoula-kids.fr/le-noam-elimeleh/index.html]
[geoula-kids.fr/wp-content/uploads/elementor/css/post-10486c41.css]
[geoula-kids.fr/wp-json/wp/v2/pages/1048.json]
[geoula-kids.fr/wp-json/oembed/1.0/embed5668.json]
[geoula-kids.fr/wp-json/oembed/1.0/embed15e5]
[geoula-kids.fr/rabbi-zoucha-de-anipoly/index.html]
[geoula-kids.fr/wp-content/uploads/elementor/css/post-105003a8.css]
[geoula-kids.fr/wp-json/wp/v2/pages/1050.json]
[geoula-kids.fr/wp-json/oembed/1.0/embeda107.json]
[geoula-kids.fr/wp-json/oembed/1.0/embed0fe3]
[geoula-kids.fr/rabbi-yaacov-yossef/index.html]
[geoula-kids.fr/wp-content/plugins/elementor/assets/lib/swiper/v8/css/swiper.min94a4.css]
[geoula-kids.fr/wp-content/plugins/elementor/assets/css/conditionals/e-swiper.min1b64.css]
[geoula-kids.fr/wp-content/plugins/elementor/assets/css/widget-image-carousel.min1b64.css]
[geoula-kids.fr/wp-content/uploads/elementor/css/post-937404.css]
[geoula-kids.fr/wp-json/wp/v2/pages/93.json]
[geoula-kids.fr/wp-json/oembed/1.0/embed5c38.json]
[geoula-kids.fr/wp-json/oembed/1.0/embed5f3b]
[geoula-kids.fr/wp-content/uploads/2024/07/c5317ef1-e1ac-411c-8a57-f9b67c9d18c2.jpg]
[geoula-kids.fr/wp-content/uploads/2024/07/a91fe485-0883-4575-babb-93ce27048b4b.jpg]
[geoula-kids.fr/wp-content/uploads/2024/07/76216495-6e92-494a-9826-7c6560d53d09.jpg]
[geoula-kids.fr/wp-content/uploads/2024/07/7de44504-01a2-407a-8bb1-b398809f407a.jpg]
[geoula-kids.fr/wp-content/uploads/2024/07/0cdcc47b-1f03-4bc8-b754-8b70f8ce1115.jpg]
[geoula-kids.fr/wp-content/uploads/2024/08/DSC00854-scaled.jpg]
[geoula-kids.fr/wp-content/uploads/2024/08/DSC00853-scaled.jpg]
[geoula-kids.fr/wp-content/uploads/2024/08/DSC00845-scaled.jpg]
[geoula-kids.fr/wp-content/uploads/2024/08/DSC00843-scaled.jpg]
[geoula-kids.fr/wp-content/uploads/2024/08/DSC00839-scaled.jpg]
[geoula-kids.fr/wp-content/uploads/2024/08/DSC00830-scaled.jpg]
[geoula-kids.fr/wp-content/uploads/2024/08/DSC00827-scaled.jpg]
[geoula-kids.fr/wp-content/uploads/2024/08/DSC00822-scaled.jpg]
[geoula-kids.fr/wp-content/uploads/2024/08/DSC00811-scaled.jpg]
[geoula-kids.fr/wp-content/uploads/2024/08/DSC00809-scaled.jpg]
[geoula-kids.fr/wp-content/uploads/2024/08/DSC00808-scaled.jpg]
[geoula-kids.fr/wp-content/uploads/2024/08/DSC00806-scaled.jpg]
[geoula-kids.fr/wp-content/uploads/2024/08/DSC00804-scaled.jpg]
[geoula-kids.fr/wp-content/uploads/2024/08/DSC00802-scaled.jpg]
[geoula-kids.fr/wp-content/uploads/2024/08/DSC00800-scaled.jpg]
[geoula-kids.fr/wp-content/uploads/2024/08/DSC00798-scaled.jpg]
[geoula-kids.fr/wp-content/uploads/2024/08/DSC00796-scaled.jpg]
[geoula-kids.fr/wp-content/uploads/2024/08/DSC00793-scaled.jpg]
[geoula-kids.fr/wp-content/uploads/2024/08/DSC00791-scaled.jpg]
[geoula-kids.fr/wp-content/uploads/2024/08/DSC00790-scaled.jpg]
[geoula-kids.fr/activites-by-geoula-kids/index.html]
[geoula-kids.fr/wp-content/plugins/elementor/assets/lib/swiper/v8/swiper.min94a4.js]
[geoula-kids.fr/wp-content/uploads/elementor/css/post-96c494.css]
[geoula-kids.fr/wp-json/wp/v2/pages/96.json]
[geoula-kids.fr/wp-json/oembed/1.0/embedb643.json]
[geoula-kids.fr/wp-json/oembed/1.0/embedb324]
[geoula-kids.fr/fetes-by-geoula-kids/index.html]
[geoula-kids.fr/wp-content/uploads/elementor/css/post-9953cc.css]
[geoula-kids.fr/wp-content/uploads/elementor/google-fonts/css/robotocondensedca00.css]
[geoula-kids.fr/wp-json/wp/v2/pages/99.json]
[geoula-kids.fr/wp-json/oembed/1.0/embed897f.json]
[geoula-kids.fr/wp-json/oembed/1.0/embed3d28]
[geoula-kids.fr/wp-content/uploads/2025/02/Copie-de-Flyer-Ckids-Club-Pourim-5785-insta-carre.png]
[www.billetweb.fr/js/export.js]
[geoula-kids.fr/wp-content/uploads/2024/08/Sans-titre-1.jpg]
[geoula-kids.fr/wp-content/uploads/2024/08/WhatsApp-Image-2022-02-27-at-18.12.43-1-1536x1152.jpg]
[geoula-kids.fr/wp-content/uploads/2024/08/WhatsApp-Image-2022-02-27-at-18.12.41-1-1536x864.jpg]
[geoula-kids.fr/wp-content/uploads/2024/08/IMG_20220320_141618-768x1365.jpg]
[geoula-kids.fr/wp-content/uploads/2024/08/IMG_20220320_141615-768x1365.jpg]
[geoula-kids.fr/wp-content/uploads/2024/08/IMG_20220320_141620-768x1365.jpg]
[geoula-kids.fr/wp-content/uploads/2024/08/IMG_20220320_141625-768x1365.jpg]
[geoula-kids.fr/wp-content/uploads/2024/08/IMG_20220320_141627-768x1365.jpg]
[geoula-kids.fr/wp-content/uploads/2024/08/IMG_20220320_141629-768x1365.jpg]
[geoula-kids.fr/wp-content/uploads/2024/08/IMG_20220320_141630-768x1365.jpg]
[geoula-kids.fr/wp-content/uploads/2024/08/IMG-20220320-WA0033-768x1365.jpg]
[geoula-kids.fr/wp-content/uploads/2024/08/IMG-20220320-WA0053-768x432.jpg]
[geoula-kids.fr/wp-content/uploads/2024/08/IMG-20220320-WA0054-768x576.jpg]
[geoula-kids.fr/wp-content/uploads/2024/08/IMG-20220320-WA0055-768x576.jpg]
[geoula-kids.fr/wp-content/uploads/2024/08/IMG-20220320-WA0056-768x432.jpg]
[geoula-kids.fr/wp-content/uploads/2024/08/IMG-20220320-WA0060-768x432.jpg]
[geoula-kids.fr/wp-content/uploads/2024/08/IMG-20220320-WA0072-768x570.jpg]
[geoula-kids.fr/wp-content/uploads/2024/08/IMG-20220320-WA0067-768x1024.jpg]
[geoula-kids.fr/wp-content/uploads/2024/08/DSC00718-300x169.jpg]
[geoula-kids.fr/wp-content/uploads/2024/08/DSC00716-169x300.jpg]
[geoula-kids.fr/wp-content/uploads/2024/08/DSC00731-scaled.jpg]
[geoula-kids.fr/wp-content/uploads/2024/08/DSC00732-scaled.jpg]
[geoula-kids.fr/wp-content/uploads/2024/08/DSC00733-scaled.jpg]
[geoula-kids.fr/wp-content/uploads/2024/08/DSC00734-scaled.jpg]
[geoula-kids.fr/wp-content/uploads/2024/08/DSC00735-scaled.jpg]
[geoula-kids.fr/wp-content/uploads/2024/08/DSC00736-scaled.jpg]
[geoula-kids.fr/wp-content/uploads/2024/08/DSC00737-scaled.jpg]
[geoula-kids.fr/wp-content/uploads/2024/08/DSC00738-scaled.jpg]
[geoula-kids.fr/wp-content/uploads/2024/08/DSC00730-scaled.jpg]
[geoula-kids.fr/learn-kiff-by-geoula-kids/index.html]
[geoula-kids.fr/wp-includes/css/dist/block-library/style.mind1c0.css]
[geoula-kids.fr/wp-content/uploads/elementor/css/post-579e502.css]
[geoula-kids.fr/wp-json/wp/v2/pages/579.json]
[geoula-kids.fr/wp-json/oembed/1.0/embedcf0d.json]
[geoula-kids.fr/wp-json/oembed/1.0/embed69a7]
[geoula-kids.fr/wp-content/plugins/fluent-security/dist/public/login_helperf488.js]
[geoula-kids.fr/mon-compte/index.html]
[geoula-kids.fr/wp-content/plugins/elementor/assets/lib/eicons/fonts/eiconsfcca.svg]
[geoula-kids.fr/wp-content/plugins/elementor/assets/lib/font-awesome/webfonts/fa-brands-400.svg]
[geoula-kids.fr/wp-content/plugins/elementor/assets/lib/font-awesome/webfonts/fa-solid-900.svg]
[geoula-kids.fr/wp-content/plugins/elementor/assets/lib/font-awesome/webfonts/fa-regular-400.svg]
[geoula-kids.fr/wp-content/uploads/elementor/css/post-60172b.css]
[geoula-kids.fr/wp-content/uploads/elementor/google-fonts/fonts/alegreya-4uahrebbsbhlbjvfkslk96fp56n1.woff2]
[geoula-kids.fr/wp-content/uploads/elementor/google-fonts/fonts/alegreya-4uahrebbsbhlbjvfkslk967p56n1.woff2]
[geoula-kids.fr/wp-content/uploads/elementor/google-fonts/fonts/alegreya-4uahrebbsbhlbjvfkslk96bp56n1.woff2]
[geoula-kids.fr/wp-content/uploads/elementor/google-fonts/fonts/alegreya-4uahrebbsbhlbjvfkslk96np56n1.woff2]
[geoula-kids.fr/wp-content/uploads/elementor/google-fonts/fonts/alegreya-4uahrebbsbhlbjvfkslk96xp56n1.woff2]
[geoula-kids.fr/wp-content/uploads/elementor/google-fonts/fonts/alegreya-4uahrebbsbhlbjvfkslk96tp56n1.woff2]
[geoula-kids.fr/wp-content/uploads/elementor/google-fonts/fonts/alegreya-4uahrebbsbhlbjvfkslk96rp5w.woff2]
[geoula-kids.fr/wp-content/uploads/elementor/google-fonts/fonts/alegreya-4uabrebbsbhlbjvfkslsx6jx4w.woff2]
[geoula-kids.fr/wp-content/uploads/elementor/google-fonts/fonts/alegreya-4uabrebbsbhlbjvfksllx6jx4w.woff2]
[geoula-kids.fr/wp-content/uploads/elementor/google-fonts/fonts/alegreya-4uabrebbsbhlbjvfksltx6jx4w.woff2]
[geoula-kids.fr/wp-content/uploads/elementor/google-fonts/fonts/alegreya-4uabrebbsbhlbjvfkslix6jx4w.woff2]
[geoula-kids.fr/wp-content/uploads/elementor/google-fonts/fonts/alegreya-4uabrebbsbhlbjvfkslux6jx4w.woff2]
[geoula-kids.fr/wp-content/uploads/elementor/google-fonts/fonts/alegreya-4uabrebbsbhlbjvfkslvx6jx4w.woff2]
[geoula-kids.fr/wp-content/uploads/elementor/google-fonts/fonts/alegreya-4uabrebbsbhlbjvfkslhx6g.woff2]
[geoula-kids.fr/wp-content/uploads/elementor/google-fonts/css/alegreya7629.css]
[geoula-kids.fr/index0721.html]
[geoula-kids.fr/wp-content/uploads/elementor/css/post-22096b2.css]
[geoula-kids.fr/wp-content/uploads/elementor/google-fonts/fonts/angkor-h4cmbxyalspdnlbo_iy_0lo.woff2]
[geoula-kids.fr/wp-content/uploads/elementor/google-fonts/fonts/angkor-h4cmbxyalspdnlbo9sy_.woff2]
[geoula-kids.fr/wp-content/uploads/elementor/google-fonts/css/angkor6359.css]
[geoula-kids.fr/wp-content/uploads/elementor/google-fonts/fonts/sarina-f6wfjf3itqwaslrj0rvnia.woff2]
[geoula-kids.fr/wp-content/uploads/elementor/google-fonts/fonts/sarina-f6wfjf3itqwaslrkurv.woff2]
[geoula-kids.fr/wp-content/uploads/elementor/google-fonts/css/sarina6359.css]
[geoula-kids.fr/index156c.html]
[geoula-kids.fr/wp-content/uploads/elementor/css/post-2180ae0.css]
[geoula-kids.fr/index5034.html]
[geoula-kids.fr/wp-content/uploads/elementor/css/post-425231.css]
[geoula-kids.fr/wp-content/uploads/elementor/google-fonts/fonts/boogaloo-kmk-zq45gavodnaw6y1c9ys.woff2]
[geoula-kids.fr/wp-content/uploads/elementor/google-fonts/css/boogaloof39f.css]
[geoula-kids.fr/indexfbd5.html]
[geoula-kids.fr/wp-content/uploads/elementor/css/post-4504ce.css]
[geoula-kids.fr/index5e74.html]
[geoula-kids.fr/wp-content/uploads/elementor/css/post-48ec6a.css]
[geoula-kids.fr/index94b0.html]
[geoula-kids.fr/wp-content/uploads/elementor/css/post-1597fa1.css]
[geoula-kids.fr/indexb950.html]
[geoula-kids.fr/wp-content/uploads/elementor/css/post-817fa1.css]
[geoula-kids.fr/index44d0.html]
[geoula-kids.fr/wp-content/uploads/elementor/css/post-5762a0.css]
[geoula-kids.fr/index9787.html]
[geoula-kids.fr/wp-content/uploads/elementor/css/post-69ddaa.css]
[geoula-kids.fr/indexe2dc.html]
[geoula-kids.fr/wp-content/plugins/elementor/assets/lib/animations/styles/fadeInUp.min1b64.css]
[geoula-kids.fr/wp-content/uploads/elementor/css/post-727127.css]
[geoula-kids.fr/indexae74.html]
[geoula-kids.fr/wp-content/uploads/elementor/css/post-751177.css]
[geoula-kids.fr/indexe839.html]
[geoula-kids.fr/wp-content/uploads/elementor/css/post-1845a1d.css]
[geoula-kids.fr/index48fd.html]
[geoula-kids.fr/wp-content/uploads/elementor/css/post-542902.css]
[geoula-kids.fr/indexcc0f.html]
[geoula-kids.fr/wp-content/uploads/elementor/css/post-849ef4.css]
[geoula-kids.fr/index735a.html]
[geoula-kids.fr/wp-content/plugins/elementor/assets/lib/animations/styles/zoomInUp.min1b64.css]
[geoula-kids.fr/wp-content/uploads/elementor/css/post-87acb0.css]
[geoula-kids.fr/index5d38.html]
[geoula-kids.fr/wp-content/uploads/elementor/css/post-905b56.css]
[geoula-kids.fr/indexeffd.html]
[geoula-kids.fr/wp-content/uploads/elementor/css/post-10445b9d.css]
[geoula-kids.fr/index13b6.html]
[geoula-kids.fr/wp-content/uploads/elementor/css/post-10465b9d.css]
[geoula-kids.fr/index504e.html]
[geoula-kids.fr/wp-content/uploads/elementor/css/post-10486c41.css]
[geoula-kids.fr/index2b52.html]
[geoula-kids.fr/wp-content/uploads/elementor/css/post-105003a8.css]
[geoula-kids.fr/index93a0.html]
[geoula-kids.fr/wp-content/plugins/elementor/assets/lib/swiper/v8/css/swiper.min94a4.css]
[geoula-kids.fr/wp-content/plugins/elementor/assets/css/conditionals/e-swiper.min1b64.css]
[geoula-kids.fr/wp-content/plugins/elementor/assets/css/widget-image-carousel.min1b64.css]
[geoula-kids.fr/wp-content/uploads/elementor/css/post-937404.css]
[geoula-kids.fr/index36d4.html]
[geoula-kids.fr/wp-content/uploads/elementor/css/post-96c494.css]
[geoula-kids.fr/index6f72.html]
[geoula-kids.fr/wp-content/uploads/elementor/css/post-9953cc.css]
[geoula-kids.fr/wp-content/uploads/elementor/google-fonts/fonts/robotocondensed-ievj2zhzi2ecn5jzbjeets9weq8-19elagm9uvi.woff2]
[geoula-kids.fr/wp-content/uploads/elementor/google-fonts/fonts/robotocondensed-ievj2zhzi2ecn5jzbjeets9weq8-19elcwm9uvi.woff2]
[geoula-kids.fr/wp-content/uploads/elementor/google-fonts/fonts/robotocondensed-ievj2zhzi2ecn5jzbjeets9weq8-19elawm9uvi.woff2]
[geoula-kids.fr/wp-content/uploads/elementor/google-fonts/fonts/robotocondensed-ievj2zhzi2ecn5jzbjeets9weq8-19eldam9uvi.woff2]
[geoula-kids.fr/wp-content/uploads/elementor/google-fonts/fonts/robotocondensed-ievj2zhzi2ecn5jzbjeets9weq8-19elaam9uvi.woff2]
[geoula-kids.fr/wp-content/uploads/elementor/google-fonts/fonts/robotocondensed-ievj2zhzi2ecn5jzbjeets9weq8-19elaqm9uvi.woff2]
[geoula-kids.fr/wp-content/uploads/elementor/google-fonts/fonts/robotocondensed-ievj2zhzi2ecn5jzbjeets9weq8-19eldwm9.woff2]
[geoula-kids.fr/wp-content/uploads/elementor/google-fonts/fonts/robotocondensed-ievl2zhzi2ecn5jzbjeets9weq8-19-7drs5.woff2]
[geoula-kids.fr/wp-content/uploads/elementor/google-fonts/fonts/robotocondensed-ievl2zhzi2ecn5jzbjeets9weq8-19a7drs5.woff2]
[geoula-kids.fr/wp-content/uploads/elementor/google-fonts/fonts/robotocondensed-ievl2zhzi2ecn5jzbjeets9weq8-1967drs5.woff2]
[geoula-kids.fr/wp-content/uploads/elementor/google-fonts/fonts/robotocondensed-ievl2zhzi2ecn5jzbjeets9weq8-19g7drs5.woff2]
[geoula-kids.fr/wp-content/uploads/elementor/google-fonts/fonts/robotocondensed-ievl2zhzi2ecn5jzbjeets9weq8-1927drs5.woff2]
[geoula-kids.fr/wp-content/uploads/elementor/google-fonts/fonts/robotocondensed-ievl2zhzi2ecn5jzbjeets9weq8-19y7drs5.woff2]
[geoula-kids.fr/wp-content/uploads/elementor/google-fonts/fonts/robotocondensed-ievl2zhzi2ecn5jzbjeets9weq8-19k7dq.woff2]
[geoula-kids.fr/wp-content/uploads/elementor/google-fonts/css/robotocondensedca00.css]
[geoula-kids.fr/index5401.html]
[geoula-kids.fr/wp-includes/css/dist/block-library/style.mind1c0.css]
[geoula-kids.fr/wp-content/uploads/elementor/css/post-579e502.css]
[geoula-kids.fr/indexc74d.html]
